[2026-02-23T19:53:06] sent
[2026-02-23T19:53:22] sent
[2026-02-23T19:53:28] sent
[2026-02-23T19:54:52] sent
[2026-02-23T19:54:58] sent
[2026-02-23T19:56:05] sent
[2026-02-23T19:57:30] sent
[2026-02-23T19:57:38] sent
[2026-02-23T20:01:51] sent
[2026-02-23T20:01:55] sent
[2026-02-23T20:02:27] sent
[2026-02-23T20:06:44] sent
[2026-02-23T20:08:34] sent
[2026-02-23T20:13:09] sent
[2026-02-23T20:18:23] sent
[2026-02-23T20:23:56] sent
[2026-02-23T20:26:45] sent
[2026-02-23T20:40:24] sent
[2026-02-23T21:01:05] sent
[2026-02-23T21:01:09] sent
[2026-02-23T21:02:09] sent
[2026-02-23T21:04:17] sent
[2026-02-23T21:04:21] sent
[2026-02-23T21:15:21] sent
[2026-02-23T21:15:25] sent
[2026-02-23T21:24:25] sent
[2026-02-23T21:24:30] sent
[2026-02-23T21:29:49] sent
[2026-02-23T21:30:18] sent
[2026-02-23T21:31:39] sent
[2026-02-23T21:33:03] sent
[2026-02-23T21:33:49] sent
[2026-02-23T21:34:21] sent
[2026-02-23T21:35:02] sent
[2026-02-23T21:37:59] sent
[2026-02-23T21:39:15] sent
[2026-02-23T21:40:22] sent
[2026-02-23T21:41:44] sent
[2026-02-23T21:45:26] sent
[2026-02-23T21:46:56] sent
[2026-02-23T21:49:04] sent
[2026-02-23T21:50:31] window_not_found
[2026-02-23T21:56:03] sent
[2026-02-23T21:58:56] sent
[2026-02-23T22:07:35] window_not_found
[2026-02-23T22:09:51] window_not_found
[2026-02-23T22:14:10] window_not_found
[2026-02-23T22:14:46] sent
[2026-02-23T22:16:12] sent
[2026-02-23T22:16:46] sent
[2026-02-23T22:18:10] sent
[2026-02-23T22:19:45] sent
[2026-02-23T22:28:37] sent
[2026-02-23T22:29:42] sent
[2026-02-23T22:31:33] sent
[2026-02-23T22:43:51] sent
[2026-02-23T22:45:02] sent
[2026-02-23T22:46:40] sent
[2026-02-23T22:51:05] sent
[2026-02-23T22:52:03] sent
[2026-02-23T22:56:37] focus_failed: ‎AGI-диплом – (155039)
[2026-02-23T22:59:59] window_not_found
[2026-02-23T23:00:18] focus_failed: ‎AGI-диплом – (155047)
[2026-02-23T23:00:43] window_not_found
[2026-02-23T23:02:30] sent
[2026-02-23T23:03:18] sent
[2026-02-23T23:05:39] sent
[2026-02-24T00:53:36] sent
[2026-02-24T00:57:29] focus_failed: ‎AGI-диплом – (155224)
[2026-02-24T00:57:50] sent
[2026-02-24T00:58:13] sent
[2026-02-24T00:58:45] sent
[2026-02-24T01:00:28] sent
[2026-02-24T01:00:43] sent
[2026-02-24T01:10:49] sent
[2026-02-24T01:11:01] sent
[2026-02-24T01:11:17] sent
[2026-02-24T01:12:06] sent
[2026-02-24T01:16:21] sent
[2026-02-24T01:17:01] sent
[2026-02-24T01:18:04] sent
[2026-02-24T01:18:45] sent
[2026-02-24T01:19:20] sent
[2026-02-24T01:20:11] sent
[2026-02-24T01:21:23] sent
[2026-02-24T01:21:36] sent
[2026-02-24T01:30:45] sent
[2026-02-24T01:32:11] sent
[2026-02-24T01:37:21] sent
[2026-02-24T01:39:07] sent
[2026-02-24T01:43:39] focus_failed: 
[2026-02-24T01:48:28] sent
[2026-02-24T01:49:07] sent
[2026-02-24T01:51:05] sent
[2026-02-24T01:53:57] sent
[2026-02-24T01:55:17] sent
[2026-02-24T01:55:31] sent
[2026-02-24T01:59:22] sent
[2026-02-24T02:00:00] sent
[2026-02-24T02:00:37] sent
[2026-02-24T02:01:49] sent
[2026-02-24T02:03:59] sent
[2026-02-24T02:06:18] sent
[2026-02-24T02:09:06] sent
[2026-02-24T02:11:44] sent
[2026-02-24T02:12:55] sent
[2026-02-24T02:15:23] sent
[2026-02-24T02:15:53] sent
[2026-02-24T02:17:16] sent
[2026-02-24T02:18:25] sent
[2026-02-24T02:19:12] sent
[2026-02-24T02:21:28] sent
[2026-02-24T02:23:30] sent
[2026-02-24T02:23:44] sent
[2026-02-24T02:24:21] sent
[2026-02-24T02:25:24] sent
[2026-02-24T02:26:57] sent
[2026-02-24T02:27:27] sent
[2026-02-24T02:29:51] sent
[2026-02-24T03:40:54] sent
[2026-02-24T03:42:20] sent
[2026-02-24T03:45:50] sent
[2026-02-24T03:52:05] sent
[2026-02-24T04:59:18] sent
[2026-02-24T05:10:20] sent
[2026-02-24T05:45:06] focus_failed: (1) ‎Рамануджан – (155240)
[2026-02-24T05:45:59] focus_failed: ‎Рамануджан – (155239)
[2026-02-24T05:51:27] focus_failed: (1) ‎Рамануджан – (155240)
[2026-02-24T05:55:58] sent
[2026-02-24T05:58:11] sent
[2026-02-24T05:59:42] sent
[2026-02-24T07:47:50] sent
[2026-02-24T14:38:17] sent
[2026-02-24T14:56:14] sent
[2026-02-24T14:57:46] sent
[2026-02-24T15:10:58] sent
[2026-02-24T16:07:39] focus_failed: ‎Diplomaster – (155549)
[2026-02-24T16:08:23] sent
[2026-02-24T20:19:12] focus_failed: ‎Рамануджан – (156224)
[2026-02-24T20:21:22] sent
[2026-02-24T20:25:48] sent
[2026-02-24T21:12:45] sent
[2026-02-24T21:15:47] sent
[2026-02-24T21:18:46] sent
